{"nodeId":9151315547278802944,"raftURL":"http://127.0.1.1:10000","rpcAddr":"127.0.1.1:10001","leader":true,"learner":false}