[{"topicId":1,"logStreamId":1,"replicas":[{"storageNodeId":1,"path":"/tmp"},{"storageNodeId":2,"path":"/tmp"}],"head":{},"tail":{}}]