{"logStreams":[{"log_stream_replica":{"storage_node":{"storageNodeId":1,"address":"127.0.0.1:10000"},"topic_log_stream":{"topicId":1,"logStreamId":1}},"version":1,"globalHighWatermark":100,"localLowWatermark":{"llsn":1,"glsn":1},"localHighWatermark":{"llsn":51,"glsn":97},"path":"/tmp1/foo","storage_size_bytes":4096,"createdTime":"0001-01-01T00:00:00Z","updatedTime":"0001-01-01T00:00:00Z"},{"log_stream_replica":{"storage_node":{"storageNodeId":2,"address":"127.0.0.2:10000"},"topic_log_stream":{"topicId":1,"logStreamId":1}},"version":1,"globalHighWatermark":100,"localLowWatermark":{"llsn":1,"glsn":1},"localHighWatermark":{"llsn":51,"glsn":97},"path":"/tmp1/foo","storage_size_bytes":4096,"createdTime":"0001-01-01T00:00:00Z","updatedTime":"0001-01-01T00:00:00Z"}],"sealedGLSN":10}