{"state":1,"first":{"llsn":1,"glsn":1},"last":{"llsn":10,"glsn":10},"current":{"llsn":5,"glsn":5}}